C:\Users\peyman\Desktop\Computer Vision\image processing1.py
C:\Users\peyman\Desktop\Computer Vision\Facedetection_Video.py
C:\Users\peyman\Desktop\Computer Vision\Blob detection.py
C:\Users\peyman\Desktop\Computer Vision\learnopencv-master\tracking\tracker.py
C:\Users\peyman\Desktop\Computer Vision\learnopencv-master\ColorSpaces\interactiveColorSegment.py
C:\Users\peyman\Desktop\Computer Vision\learnopencv-master\ColorSpaces\interactiveColorDetect.py
C:\Users\peyman\Desktop\Computer Vision\learnopencv-master\ColorSpaces\dataAnalysis.py
C:\Users\peyman\Desktop\Computer Vision\learnopencv-master\ObjectDetection-YOLO\object_detection_yolo.py
C:\Users\peyman\Desktop\Computer Vision\learnopencv-master\BlobDetector\blob.py
C:\Users\peyman\Desktop\Computer Vision\learnopencv-master\CenterofBlob\center_of_multiple_blob.py
C:\Users\peyman\Desktop\Computer Vision\learnopencv-master\CenterofBlob\single_blob.py
C:\Users\peyman\Desktop\Computer Vision\imageio-2.4.1\setup.py
C:\Users\peyman\Desktop\Computer Vision\image processing.py
C:\Users\peyman\Desktop\Computer Vision\Ex_Files_OpenCV_Python_Dev\Exercise Files\Ch04\04_05 End\04_05.py
C:\Users\peyman\Desktop\Computer Vision\Ex_Files_OpenCV_Python_Dev\Exercise Files\Ch04\04_03 End\04_03.py
C:\Users\peyman\Desktop\Computer Vision\Ex_Files_OpenCV_Python_Dev\Exercise Files\Ch03\03_11 Solution\03_10.py
C:\Users\peyman\Desktop\Computer Vision\Ex_Files_OpenCV_Python_Dev\Exercise Files\Ch03\03_08 End\03_08.py
C:\Users\peyman\Desktop\Computer Vision\Ex_Files_OpenCV_Python_Dev\Exercise Files\Ch03\03_07 End\03_07.py
C:\Users\peyman\Desktop\Computer Vision\Ex_Files_OpenCV_Python_Dev\Exercise Files\Ch03\03_06 End\03_06.py
C:\Users\peyman\Desktop\Computer Vision\Ex_Files_OpenCV_Python_Dev\Exercise Files\Ch03\03_04 End\03_04.py
C:\Users\peyman\Desktop\Computer Vision\Ex_Files_OpenCV_Python_Dev\Exercise Files\Ch03\03_03 End\03_03.py
